# serializer version: 1
# name: test_schema_command
  '''
  Schema: User
  Referenced by: Address, Pet
  Requests: createUser, updateUser
  Responses: createUser, listUsers, updateUser
  
  ├── address (Address)
  │   ├── city (string)
  │   ├── country (string)
  │   ├── street* (string)
  │   └── user (User)
  │       ├── address (Address)
  │       ├── email (string)
  │       ├── id* (integer)
  │       ├── metadata (object)
  │       │   (anyOf)
  │       │       └── (string)
  │       │       └── (object)
  │       │           ├── key (string)
  │       │           └── value (string)
  │       ├── name* (string)
  │       └── pets (array[Pet])
  │           (allOf)
  │               └── (object)
  │                   ├── age (integer)
  │                   └── name* (string)
  │               └── (object)
  │                   └── owner (User)
  ├── email (string)
  ├── id* (integer)
  ├── metadata (object)
  │   (anyOf)
  │       └── (string)
  │       └── (object)
  │           ├── key (string)
  │           └── value (string)
  ├── name* (string)
  └── pets (array[Pet])
      (allOf)
          └── (object)
              ├── age (integer)
              └── name* (string)
          └── (object)
              └── owner (User)
                  ├── address (Address)
                  │   ├── city (string)
                  │   ├── country (string)
                  │   ├── street* (string)
                  │   └── user (User)
                  ├── email (string)
                  ├── id* (integer)
                  ├── metadata (object)
                  │   (anyOf)
                  │       └── (string)
                  │       └── (object)
                  │           ├── key (string)
                  │           └── value (string)
                  ├── name* (string)
                  └── pets (array[Pet])
  
  '''
# ---
# name: test_summary_command
  '''
  Title: Test API
  Description: A test API description
  
  +--------+----------+----------------+----------+------------------+-------------------+
  | Path   | Method   | Operation ID   |   Status | Request Schema   | Response Schema   |
  +========+==========+================+==========+==================+===================+
  | /pets  | GET      | listPets       |      200 | (none)           | PetList           |
  +--------+----------+----------------+----------+------------------+-------------------+
  
  '''
# ---
# name: test_urls_command
  '''
  ├── customers (createCustomer, listCustomers)
  │   ├── search (searchCustomers)
  │   └── {id} (deleteCustomer, getCustomer, updateCustomer)
  │       └── orders (createCustomerOrder, listCustomerOrders)
  │           └── {orderId} (deleteCustomerOrder, getCustomerOrder, updateCustomerOrder)
  └── orders (createOrder, listOrders)
      └── {id} (deleteOrder, getOrder, updateOrder)
  
  '''
# ---
